// Jest Snapshot v1, https://goo.gl/fbAQLP

exports[`renders correctly 1`] = `
<div
  className="image_display_container"
>
  <section
    className="image_list"
  >
    <ul
      className="hide_list"
    />
  </section>
</div>
`;
